
/home/runner/work/exp-structural-behavioral-patterns-au/exp-structural-behavioral-patterns-au/experiment/simulation/js/16.695f2e22.js
  1:2524  warning  'e' is defined but never used  no-unused-vars

/home/runner/work/exp-structural-behavioral-patterns-au/exp-structural-behavioral-patterns-au/experiment/simulation/js/171.60dd60cb.js
  1:1813  warning  'e' is defined but never used  no-unused-vars

/home/runner/work/exp-structural-behavioral-patterns-au/exp-structural-behavioral-patterns-au/experiment/simulation/js/188.c7edd5ea.js
  1:397    warning  'e' is defined but never used  no-unused-vars
  1:584    warning  'e' is defined but never used  no-unused-vars
  1:758    warning  'e' is defined but never used  no-unused-vars
  1:933    warning  'e' is defined but never used  no-unused-vars
  1:1140   warning  'e' is defined but never used  no-unused-vars
  1:1321   warning  'e' is defined but never used  no-unused-vars
  1:1492   warning  'e' is defined but never used  no-unused-vars
  1:1684   warning  'e' is defined but never used  no-unused-vars
  1:1862   warning  'e' is defined but never used  no-unused-vars
  1:2106   warning  'e' is defined but never used  no-unused-vars
  1:2793   warning  't' is defined but never used  no-unused-vars
  1:4044   warning  'e' is defined but never used  no-unused-vars
  1:4046   warning  't' is defined but never used  no-unused-vars
  1:5423   warning  'e' is defined but never used  no-unused-vars
  1:5425   warning  't' is defined but never used  no-unused-vars
  1:7264   warning  'e' is defined but never used  no-unused-vars
  1:7266   warning  't' is defined but never used  no-unused-vars
  1:8468   warning  't' is defined but never used  no-unused-vars
  1:13563  warning  'e' is defined but never used  no-unused-vars
  1:13744  warning  'e' is defined but never used  no-unused-vars
  1:14556  warning  'e' is defined but never used  no-unused-vars
  1:15000  warning  'e' is defined but never used  no-unused-vars
  1:15842  warning  'e' is defined but never used  no-unused-vars
  1:24186  warning  'e' is defined but never used  no-unused-vars
  1:25218  warning  'e' is defined but never used  no-unused-vars
  1:25658  warning  'e' is defined but never used  no-unused-vars
  1:26107  warning  'e' is defined but never used  no-unused-vars
  1:26558  warning  'e' is defined but never used  no-unused-vars
  1:44761  warning  'e' is defined but never used  no-unused-vars
  1:44942  warning  'e' is defined but never used  no-unused-vars
  1:45121  warning  'e' is defined but never used  no-unused-vars
  1:45299  warning  'e' is defined but never used  no-unused-vars
  1:45482  warning  'e' is defined but never used  no-unused-vars
  1:45660  warning  'e' is defined but never used  no-unused-vars
  1:45843  warning  'e' is defined but never used  no-unused-vars
  1:46021  warning  'e' is defined but never used  no-unused-vars
  1:46207  warning  'e' is defined but never used  no-unused-vars
  1:46393  warning  'e' is defined but never used  no-unused-vars
  1:46574  warning  'e' is defined but never used  no-unused-vars
  1:47222  warning  'e' is defined but never used  no-unused-vars
  1:47851  warning  'e' is defined but never used  no-unused-vars
  1:48482  warning  'e' is defined but never used  no-unused-vars
  1:49168  warning  'e' is defined but never used  no-unused-vars
  1:49806  warning  'e' is defined but never used  no-unused-vars
  1:50696  warning  'e' is defined but never used  no-unused-vars
  1:51172  warning  'e' is defined but never used  no-unused-vars
  1:51642  warning  'e' is defined but never used  no-unused-vars
  1:52119  warning  'e' is defined but never used  no-unused-vars
  1:52781  warning  'e' is defined but never used  no-unused-vars
  1:53271  warning  'e' is defined but never used  no-unused-vars
  1:53952  warning  'e' is defined but never used  no-unused-vars
  1:55939  warning  't' is defined but never used  no-unused-vars
  1:55941  warning  'n' is defined but never used  no-unused-vars
  1:55943  warning  'a' is defined but never used  no-unused-vars
  1:55945  warning  'l' is defined but never used  no-unused-vars
  1:55947  warning  's' is defined but never used  no-unused-vars

/home/runner/work/exp-structural-behavioral-patterns-au/exp-structural-behavioral-patterns-au/experiment/simulation/js/221.9b678e08.js
  1:1967  warning  'e' is defined but never used  no-unused-vars

/home/runner/work/exp-structural-behavioral-patterns-au/exp-structural-behavioral-patterns-au/experiment/simulation/js/255.162c6f5b.js
  1:2276  warning  't' is defined but never used  no-unused-vars

/home/runner/work/exp-structural-behavioral-patterns-au/exp-structural-behavioral-patterns-au/experiment/simulation/js/277.2ebc1dc3.js
  1:1932  warning  'e' is defined but never used  no-unused-vars

/home/runner/work/exp-structural-behavioral-patterns-au/exp-structural-behavioral-patterns-au/experiment/simulation/js/28.b8b9850e.js
  1:2505  warning  'a' is defined but never used  no-unused-vars

/home/runner/work/exp-structural-behavioral-patterns-au/exp-structural-behavioral-patterns-au/experiment/simulation/js/33.4f3090f3.js
  1:1760  warning  'e' is defined but never used  no-unused-vars
  1:1762  warning  'a' is defined but never used  no-unused-vars
  1:1764  warning  't' is defined but never used  no-unused-vars
  1:1766  warning  'r' is defined but never used  no-unused-vars
  1:1768  warning  'o' is defined but never used  no-unused-vars
  1:1770  warning  'p' is defined but never used  no-unused-vars

/home/runner/work/exp-structural-behavioral-patterns-au/exp-structural-behavioral-patterns-au/experiment/simulation/js/335.ce6986c8.js
  1:1989  warning  'a' is defined but never used  no-unused-vars

/home/runner/work/exp-structural-behavioral-patterns-au/exp-structural-behavioral-patterns-au/experiment/simulation/js/336.47356fc4.js
  1:2557  warning  'e' is defined but never used  no-unused-vars

/home/runner/work/exp-structural-behavioral-patterns-au/exp-structural-behavioral-patterns-au/experiment/simulation/js/337.b4042626.js
  1:5130  warning  'e' is defined but never used  no-unused-vars
  1:5540  warning  'e' is defined but never used  no-unused-vars
  1:5959  warning  'e' is defined but never used  no-unused-vars
  1:6363  warning  'e' is defined but never used  no-unused-vars
  1:6787  warning  'e' is defined but never used  no-unused-vars
  1:7226  warning  'e' is defined but never used  no-unused-vars
  1:7675  warning  'e' is defined but never used  no-unused-vars
  1:8123  warning  'e' is defined but never used  no-unused-vars
  1:8537  warning  'e' is defined but never used  no-unused-vars
  1:8945  warning  'e' is defined but never used  no-unused-vars
  1:9149  warning  'l' is defined but never used  no-unused-vars

/home/runner/work/exp-structural-behavioral-patterns-au/exp-structural-behavioral-patterns-au/experiment/simulation/js/358.6c780903.js
  1:2259  warning  'e' is defined but never used  no-unused-vars

/home/runner/work/exp-structural-behavioral-patterns-au/exp-structural-behavioral-patterns-au/experiment/simulation/js/376.b7548d5d.js
  1:2945  warning  'a' is defined but never used  no-unused-vars

/home/runner/work/exp-structural-behavioral-patterns-au/exp-structural-behavioral-patterns-au/experiment/simulation/js/392.b473d52a.js
  1:1403  warning  't' is defined but never used  no-unused-vars
  1:1405  warning  'a' is defined but never used  no-unused-vars
  1:1407  warning  'e' is defined but never used  no-unused-vars
  1:1409  warning  'r' is defined but never used  no-unused-vars
  1:1411  warning  'c' is defined but never used  no-unused-vars
  1:1413  warning  'i' is defined but never used  no-unused-vars

/home/runner/work/exp-structural-behavioral-patterns-au/exp-structural-behavioral-patterns-au/experiment/simulation/js/401.9a17c1bd.js
  1:1993  warning  'e' is defined but never used  no-unused-vars

/home/runner/work/exp-structural-behavioral-patterns-au/exp-structural-behavioral-patterns-au/experiment/simulation/js/440.9fda5608.js
  1:2271  warning  't' is defined but never used  no-unused-vars

/home/runner/work/exp-structural-behavioral-patterns-au/exp-structural-behavioral-patterns-au/experiment/simulation/js/443.310b3bd9.js
  1:1500  warning  'e' is defined but never used  no-unused-vars
  1:1502  warning  't' is defined but never used  no-unused-vars
  1:1504  warning  'a' is defined but never used  no-unused-vars
  1:1506  warning  'n' is defined but never used  no-unused-vars
  1:1508  warning  'i' is defined but never used  no-unused-vars
  1:1510  warning  'o' is defined but never used  no-unused-vars

/home/runner/work/exp-structural-behavioral-patterns-au/exp-structural-behavioral-patterns-au/experiment/simulation/js/596.d0074dba.js
  1:2499  warning  'e' is defined but never used  no-unused-vars

/home/runner/work/exp-structural-behavioral-patterns-au/exp-structural-behavioral-patterns-au/experiment/simulation/js/605.b65222e5.js
  1:543  warning  'e' is defined but never used  no-unused-vars
  1:545  warning  'a' is defined but never used  no-unused-vars
  1:547  warning  't' is defined but never used  no-unused-vars
  1:549  warning  'n' is defined but never used  no-unused-vars
  1:551  warning  'r' is defined but never used  no-unused-vars
  1:553  warning  'u' is defined but never used  no-unused-vars

/home/runner/work/exp-structural-behavioral-patterns-au/exp-structural-behavioral-patterns-au/experiment/simulation/js/63.9c5f5cf7.js
  1:2458  warning  't' is defined but never used  no-unused-vars

/home/runner/work/exp-structural-behavioral-patterns-au/exp-structural-behavioral-patterns-au/experiment/simulation/js/645.18ffa7c9.js
  1:2684  warning  'e' is defined but never used  no-unused-vars

/home/runner/work/exp-structural-behavioral-patterns-au/exp-structural-behavioral-patterns-au/experiment/simulation/js/693.4046fdc4.js
  1:2543  warning  'e' is defined but never used  no-unused-vars

/home/runner/work/exp-structural-behavioral-patterns-au/exp-structural-behavioral-patterns-au/experiment/simulation/js/717.b315083d.js
  1:2597  warning  'a' is defined but never used  no-unused-vars

/home/runner/work/exp-structural-behavioral-patterns-au/exp-structural-behavioral-patterns-au/experiment/simulation/js/73.4d1f7721.js
  1:2902  warning  't' is defined but never used  no-unused-vars

/home/runner/work/exp-structural-behavioral-patterns-au/exp-structural-behavioral-patterns-au/experiment/simulation/js/746.655ba5ac.js
  1:589    warning  't' is defined but never used  no-unused-vars
  1:591    warning  'e' is defined but never used  no-unused-vars
  1:2425   warning  't' is defined but never used  no-unused-vars
  1:2427   warning  'e' is defined but never used  no-unused-vars
  1:3321   warning  't' is defined but never used  no-unused-vars
  1:3323   warning  'e' is defined but never used  no-unused-vars
  1:6115   warning  't' is defined but never used  no-unused-vars
  1:9387   warning  't' is defined but never used  no-unused-vars
  1:12485  warning  't' is defined but never used  no-unused-vars
  1:16032  warning  't' is defined but never used  no-unused-vars
  1:17654  warning  't' is defined but never used  no-unused-vars
  1:17656  warning  'e' is defined but never used  no-unused-vars
  1:17658  warning  'a' is defined but never used  no-unused-vars
  1:17660  warning  'n' is defined but never used  no-unused-vars
  1:17662  warning  'o' is defined but never used  no-unused-vars
  1:17664  warning  's' is defined but never used  no-unused-vars
  1:19548  warning  't' is defined but never used  no-unused-vars
  1:19550  warning  'e' is defined but never used  no-unused-vars
  1:19552  warning  'a' is defined but never used  no-unused-vars
  1:19554  warning  'n' is defined but never used  no-unused-vars
  1:19556  warning  'o' is defined but never used  no-unused-vars
  1:19558  warning  's' is defined but never used  no-unused-vars
  1:22188  warning  't' is defined but never used  no-unused-vars
  1:25422  warning  't' is defined but never used  no-unused-vars
  1:29101  warning  't' is defined but never used  no-unused-vars
  1:31677  warning  't' is defined but never used  no-unused-vars
  1:31679  warning  'e' is defined but never used  no-unused-vars
  1:31681  warning  'a' is defined but never used  no-unused-vars
  1:31683  warning  'n' is defined but never used  no-unused-vars
  1:31685  warning  'o' is defined but never used  no-unused-vars
  1:31687  warning  's' is defined but never used  no-unused-vars
  1:34282  warning  't' is defined but never used  no-unused-vars
  1:37498  warning  't' is defined but never used  no-unused-vars
  1:37500  warning  'e' is defined but never used  no-unused-vars
  1:37502  warning  'a' is defined but never used  no-unused-vars
  1:37504  warning  'n' is defined but never used  no-unused-vars
  1:37506  warning  'o' is defined but never used  no-unused-vars
  1:37508  warning  's' is defined but never used  no-unused-vars
  1:41116  warning  't' is defined but never used  no-unused-vars
  1:44513  warning  't' is defined but never used  no-unused-vars
  1:47970  warning  't' is defined but never used  no-unused-vars
  1:50171  warning  't' is defined but never used  no-unused-vars
  1:50173  warning  'e' is defined but never used  no-unused-vars
  1:50175  warning  'a' is defined but never used  no-unused-vars
  1:50177  warning  'n' is defined but never used  no-unused-vars
  1:50179  warning  'o' is defined but never used  no-unused-vars
  1:50181  warning  's' is defined but never used  no-unused-vars
  1:52837  warning  't' is defined but never used  no-unused-vars
  1:55698  warning  't' is defined but never used  no-unused-vars
  1:58415  warning  't' is defined but never used  no-unused-vars
  1:60989  warning  't' is defined but never used  no-unused-vars
  1:63988  warning  't' is defined but never used  no-unused-vars
  1:67038  warning  't' is defined but never used  no-unused-vars
  1:70304  warning  't' is defined but never used  no-unused-vars
  1:72576  warning  't' is defined but never used  no-unused-vars
  1:72578  warning  'e' is defined but never used  no-unused-vars
  1:72580  warning  'a' is defined but never used  no-unused-vars
  1:72582  warning  'n' is defined but never used  no-unused-vars
  1:72584  warning  'o' is defined but never used  no-unused-vars
  1:72586  warning  's' is defined but never used  no-unused-vars
  1:74022  warning  't' is defined but never used  no-unused-vars
  1:74024  warning  'e' is defined but never used  no-unused-vars
  1:74026  warning  'a' is defined but never used  no-unused-vars
  1:74028  warning  'n' is defined but never used  no-unused-vars
  1:74030  warning  'o' is defined but never used  no-unused-vars
  1:74032  warning  's' is defined but never used  no-unused-vars
  1:77237  warning  't' is defined but never used  no-unused-vars
  1:80256  warning  't' is defined but never used  no-unused-vars
  1:83476  warning  't' is defined but never used  no-unused-vars

/home/runner/work/exp-structural-behavioral-patterns-au/exp-structural-behavioral-patterns-au/experiment/simulation/js/756.fe9ab98a.js
  1:2495  warning  't' is defined but never used  no-unused-vars

/home/runner/work/exp-structural-behavioral-patterns-au/exp-structural-behavioral-patterns-au/experiment/simulation/js/788.c545a117.js
  1:1221  warning  'a' is defined but never used  no-unused-vars
  1:1223  warning  'e' is defined but never used  no-unused-vars
  1:1225  warning  't' is defined but never used  no-unused-vars
  1:1227  warning  'd' is defined but never used  no-unused-vars
  1:1229  warning  'c' is defined but never used  no-unused-vars
  1:1231  warning  's' is defined but never used  no-unused-vars

/home/runner/work/exp-structural-behavioral-patterns-au/exp-structural-behavioral-patterns-au/experiment/simulation/js/790.cd202497.js
  1:773  warning  'a' is defined but never used  no-unused-vars
  1:775  warning  'e' is defined but never used  no-unused-vars
  1:777  warning  't' is defined but never used  no-unused-vars
  1:779  warning  'r' is defined but never used  no-unused-vars
  1:781  warning  's' is defined but never used  no-unused-vars
  1:783  warning  'n' is defined but never used  no-unused-vars

/home/runner/work/exp-structural-behavioral-patterns-au/exp-structural-behavioral-patterns-au/experiment/simulation/js/836.75463efc.js
  1:2266  warning  't' is defined but never used  no-unused-vars

/home/runner/work/exp-structural-behavioral-patterns-au/exp-structural-behavioral-patterns-au/experiment/simulation/js/843.01592716.js
  1:2471  warning  'a' is defined but never used  no-unused-vars
  1:2473  warning  'e' is defined but never used  no-unused-vars
  1:2475  warning  't' is defined but never used  no-unused-vars
  1:2477  warning  's' is defined but never used  no-unused-vars
  1:2479  warning  'p' is defined but never used  no-unused-vars
  1:2481  warning  'c' is defined but never used  no-unused-vars

/home/runner/work/exp-structural-behavioral-patterns-au/exp-structural-behavioral-patterns-au/experiment/simulation/js/870.9371b0e6.js
  1:807  warning  'a' is defined but never used  no-unused-vars
  1:809  warning  'e' is defined but never used  no-unused-vars
  1:811  warning  't' is defined but never used  no-unused-vars
  1:813  warning  'r' is defined but never used  no-unused-vars
  1:815  warning  's' is defined but never used  no-unused-vars
  1:817  warning  'n' is defined but never used  no-unused-vars

/home/runner/work/exp-structural-behavioral-patterns-au/exp-structural-behavioral-patterns-au/experiment/simulation/js/878.3ef82c48.js
  1:427    warning  'e' is defined but never used  no-unused-vars
  1:615    warning  'e' is defined but never used  no-unused-vars
  1:790    warning  'e' is defined but never used  no-unused-vars
  1:998    warning  'e' is defined but never used  no-unused-vars
  1:1211   warning  'e' is defined but never used  no-unused-vars
  1:1431   warning  'e' is defined but never used  no-unused-vars
  1:1643   warning  'e' is defined but never used  no-unused-vars
  1:1835   warning  'e' is defined but never used  no-unused-vars
  1:2014   warning  'e' is defined but never used  no-unused-vars
  1:2220   warning  'e' is defined but never used  no-unused-vars
  1:3071   warning  't' is defined but never used  no-unused-vars
  1:6099   warning  'e' is defined but never used  no-unused-vars
  1:6843   warning  'e' is defined but never used  no-unused-vars
  1:14075  warning  'e' is defined but never used  no-unused-vars
  1:14951  warning  'e' is defined but never used  no-unused-vars
  1:15815  warning  'e' is defined but never used  no-unused-vars
  1:22055  warning  'e' is defined but never used  no-unused-vars
  1:22797  warning  'e' is defined but never used  no-unused-vars
  1:26581  warning  't' is defined but never used  no-unused-vars
  1:27904  warning  'e' is defined but never used  no-unused-vars
  1:27906  warning  't' is defined but never used  no-unused-vars
  1:34145  warning  'e' is defined but never used  no-unused-vars
  1:34324  warning  'e' is defined but never used  no-unused-vars
  1:35672  warning  'e' is defined but never used  no-unused-vars
  1:37022  warning  'e' is defined but never used  no-unused-vars
  1:47632  warning  'e' is defined but never used  no-unused-vars
  1:47811  warning  'e' is defined but never used  no-unused-vars
  1:47987  warning  'e' is defined but never used  no-unused-vars
  1:48163  warning  'e' is defined but never used  no-unused-vars
  1:48339  warning  'e' is defined but never used  no-unused-vars
  1:48515  warning  'e' is defined but never used  no-unused-vars
  1:49178  warning  'e' is defined but never used  no-unused-vars
  1:50235  warning  'e' is defined but never used  no-unused-vars
  1:51567  warning  'e' is defined but never used  no-unused-vars
  1:52665  warning  'e' is defined but never used  no-unused-vars
  1:53368  warning  'e' is defined but never used  no-unused-vars
  1:54062  warning  'e' is defined but never used  no-unused-vars

/home/runner/work/exp-structural-behavioral-patterns-au/exp-structural-behavioral-patterns-au/experiment/simulation/js/880.05d7f10a.js
  1:2104  warning  'e' is defined but never used  no-unused-vars

/home/runner/work/exp-structural-behavioral-patterns-au/exp-structural-behavioral-patterns-au/experiment/simulation/js/945.4fc8e17d.js
  1:2744  warning  't' is defined but never used  no-unused-vars

/home/runner/work/exp-structural-behavioral-patterns-au/exp-structural-behavioral-patterns-au/experiment/simulation/js/971.483b3607.js
  1:2542  warning  'e' is defined but never used  no-unused-vars

/home/runner/work/exp-structural-behavioral-patterns-au/exp-structural-behavioral-patterns-au/experiment/simulation/js/app.91857ad6.js
  1:111    warning  'e' is defined but never used           no-unused-vars
  1:113    warning  'n' is defined but never used           no-unused-vars
  1:4485   warning  'e' is defined but never used           no-unused-vars
  1:4921   warning  'e' is defined but never used           no-unused-vars
  1:5368   warning  'e' is defined but never used           no-unused-vars
  1:5561   warning  'n' is defined but never used           no-unused-vars
  1:13151  warning  'i' is defined but never used           no-unused-vars
  1:16352  warning  'a' is assigned a value but never used  no-unused-vars

/home/runner/work/exp-structural-behavioral-patterns-au/exp-structural-behavioral-patterns-au/experiment/simulation/js/chunk-vendors.d9fa41f8.js
  1:1813   warning  Empty block statement                                                            no-empty
  1:3869   warning  Do not access Object.prototype method 'hasOwnProperty' from target object        no-prototype-builtins
  1:5393   warning  Do not access Object.prototype method 'propertyIsEnumerable' from target object  no-prototype-builtins
  1:6023   warning  'b.get' is assigned to itself                                                    no-self-assign
  1:6035   warning  'b.has' is assigned to itself                                                    no-self-assign
  1:6047   warning  'b.set' is assigned to itself                                                    no-self-assign
  1:8167   warning  Empty block statement                                                            no-empty
  1:8953   warning  Empty block statement                                                            no-empty
  1:9258   warning  Empty block statement                                                            no-empty
  1:13495  warning  'e' is defined but never used                                                    no-unused-vars
  1:13910  warning  'e' is defined but never used                                                    no-unused-vars
  1:16506  warning  't' is defined but never used                                                    no-unused-vars
  1:16606  warning  'i' is defined but never used                                                    no-unused-vars
  1:16608  warning  's' is defined but never used                                                    no-unused-vars
  1:17295  warning  't' is defined but never used                                                    no-unused-vars
  1:19042  warning  'e' is defined but never used                                                    no-unused-vars
  1:19044  warning  't' is defined but never used                                                    no-unused-vars
  1:19072  warning  'e' is defined but never used                                                    no-unused-vars
  1:19074  warning  't' is defined but never used                                                    no-unused-vars
  1:20713  warning  't' is defined but never used                                                    no-unused-vars
  1:22805  warning  't' is defined but never used                                                    no-unused-vars
  1:25452  warning  'r' is assigned a value but never used                                           no-unused-vars
  1:26135  warning  'e' is defined but never used                                                    no-unused-vars
  1:27813  warning  'n' is defined but never used                                                    no-unused-vars
  1:30005  warning  'u' is assigned a value but never used                                           no-unused-vars
  1:30017  warning  'a' is assigned a value but never used                                           no-unused-vars
  1:32327  warning  'e' is assigned a value but never used                                           no-unused-vars
  1:38297  warning  'n' is assigned a value but never used                                           no-unused-vars
  1:40458  warning  'b' is assigned a value but never used                                           no-unused-vars
  1:40486  warning  'x' is assigned a value but never used                                           no-unused-vars
  1:40634  warning  'F' is assigned a value but never used                                           no-unused-vars
  1:41091  warning  Setter cannot return a value                                                     no-setter-return
  1:41531  warning  Setter cannot return a value                                                     no-setter-return
  1:41691  warning  'n' is assigned a value but never used                                           no-unused-vars
  1:41931  warning  Setter cannot return a value                                                     no-setter-return
  1:46326  warning  'n' is defined but never used                                                    no-unused-vars
  1:63822  warning  'n' is defined but never used                                                    no-unused-vars
  1:65948  warning  Unexpected constant condition                                                    no-constant-condition
  1:67173  warning  'i' is defined but never used                                                    no-unused-vars
  1:68208  warning  Expected a conditional expression and instead saw an assignment                  no-cond-assign
  1:76795  warning  Do not access Object.prototype method 'hasOwnProperty' from target object        no-prototype-builtins
  1:76817  warning  Do not access Object.prototype method 'hasOwnProperty' from target object        no-prototype-builtins
  7:1707   warning  Unnecessary escape character: \/                                                 no-useless-escape
  7:2935   warning  't' is defined but never used                                                    no-unused-vars
  7:10572  warning  Empty block statement                                                            no-empty
  7:14902  warning  'i' is defined but never used                                                    no-unused-vars
  7:20477  warning  'e' is defined but never used                                                    no-unused-vars

✖ 299 problems (0 errors, 299 warnings)

